Microsoft Windows [Version 10.0.19044.1645]
(c) Microsoft Corporation. All rights reserved.

D:\web3\mint nft>mkdir epic-nfts

D:\web3\mint nft>cd epic-nfts

D:\web3\mint nft\epic-nfts>npm init -y
Wrote to D:\web3\mint nft\epic-nfts\package.json:

{
  "name": "epic-nfts",
  "version": "1.0.0",
  "description": "",
  "main": "index.js",
  "scripts": {
    "test": "echo \"Error: no test specified\" && exit 1"
  },
  "keywords": [],
  "author": "",
  "license": "ISC"
}



D:\web3\mint nft\epic-nfts>npm install --save-dev hardhat

added 301 packages, and audited 302 packages in 51s

53 packages are looking for funding
  run `npm fund` for details

found 0 vulnerabilities
npm notice
npm notice New minor version of npm available! 8.10.0 -> 8.13.1
npm notice Changelog: https://github.com/npm/cli/releases/tag/v8.13.1
npm notice Run npm install -g npm@8.13.1 to update!
npm notice

D:\web3\mint nft\epic-nfts>npx hardhat
888    888                      888 888               888
888    888                      888 888               888
888    888                      888 888               888
8888888888  8888b.  888d888 .d88888 88888b.   8888b.  888888
888    888     "88b 888P"  d88" 888 888 "88b     "88b 888
888    888 .d888888 888    888  888 888  888 .d888888 888
888    888 888  888 888    Y88b 888 888  888 888  888 Y88b.
888    888 "Y888888 888     "Y88888 888  888 "Y888888  "Y888

Welcome to Hardhat v2.9.9

? What do you want to do? ...
> Create a basic sample project
  Create an advanced sample project
  Create an advanced sample project that uses TypeScript
  Create an empty hardhat.config.js
√ What do you want to do? · Create a basic sample project
√ Hardhat project root: · D:\web3\mint nft\epic-nfts
√ Do you want to add a .gitignore? (Y/n) · y
√ Help us improve Hardhat with anonymous crash reports & basic usage data? (Y/n) · true


You need to install these dependencies to run the sample project:
  npm install --save-dev "hardhat@^2.9.9" "@nomiclabs/hardhat-waffle@^2.0.0" "ethereum-waffle@^3.0.0" "chai@^4.2.0" "@nomiclabs/hardhat-ethers@^2.0.0" "ethers@^5.0.0"

Project created
See the README.md file for some example tasks you can run.

D:\web3\mint nft\epic-nfts>npm install --save-dev @nomiclabs/hardhat-waffle ethereum-waffle chai @nomiclabs/hardhat-ethers ethers
npm WARN deprecated ganache-core@2.13.2: ganache-core is now ganache; visit https://trfl.io/g7 for details
npm WARN deprecated ganache-core@2.13.2: ganache-core is now ganache; visit https://trfl.io/g7 for details
npm WARN deprecated har-validator@5.1.5: this library is no longer supported
npm WARN deprecated uuid@3.4.0: Please upgrade  to version 7 or higher.  Older versions may use Math.random() in certain circumstances, which is known to be problematic.  See https://v8.dev/blog/math-random for details.
npm WARN deprecated request@2.88.2: request has been deprecated, see https://github.com/request/request/issues/3142
npm WARN deprecated testrpc@0.0.1: testrpc has been renamed to ganache-cli, please use this package from now on.
npm WARN deprecated @ensdomains/ens@0.4.5: Please use @ensdomains/ens-contracts
npm WARN deprecated @ensdomains/resolver@0.2.4: Please use @ensdomains/ens-contracts
npm WARN deprecated querystring@0.2.0: The querystring API is considered Legacy. new code should use the URLSearchParams API instead.

added 1107 packages, and audited 1412 packages in 1m

115 packages are looking for funding
  run `npm fund` for details

51 vulnerabilities (11 moderate, 37 high, 3 critical)

To address issues that do not require attention, run:
  npm audit fix

Some issues need review, and may require choosing
a different dependency.

Run `npm audit` for details.

D:\web3\mint nft\epic-nfts>npm install @openzeppelin/contracts

added 1 package, and audited 1413 packages in 9s

116 packages are looking for funding
  run `npm fund` for details

51 vulnerabilities (11 moderate, 37 high, 3 critical)

To address issues that do not require attention, run:
  npm audit fix

Some issues need review, and may require choosing
a different dependency.

Run `npm audit` for details.

D:\web3\mint nft\epic-nfts>npx hardhat run scripts/sample-script.js
Downloading compiler 0.8.4
Compiled 2 Solidity files successfully
Deploying a Greeter with greeting: Hello, Hardhat!
Greeter deployed to: 0x5FbDB2315678afecb367f032d93F642f64180aa3

D:\web3\mint nft\epic-nfts>npx hardhat run scripts/sample-script.js
Error HH601: Script scripts/sample-script.js doesn't exist.

For more info go to https://hardhat.org/HH601 or run Hardhat with --show-stack-traces

D:\web3\mint nft\epic-nfts>npx hardhat run scripts/run.js
Downloading compiler 0.8.1
Compiled 2 Solidity files successfully
This is my NFT contract. EPIC NFT Contract!
Contract deployed to: 0x5FbDB2315678afecb367f032d93F642f64180aa3

D:\web3\mint nft\epic-nfts>npx hardhat run scripts/run.js
Compiled 12 Solidity files successfully
This is my NFT contract. Woah!
Contract deployed to: 0x5FbDB2315678afecb367f032d93F642f64180aa3
An NFT w/ ID 0 has been minted to 0xf39fd6e51aad88f6f4ce6ab8827279cfffb92266
An NFT w/ ID 1 has been minted to 0xf39fd6e51aad88f6f4ce6ab8827279cfffb92266

D:\web3\mint nft\epic-nfts>npm install dotenv

added 1 package, and audited 1414 packages in 38s

116 packages are looking for funding
  run `npm fund` for details

51 vulnerabilities (11 moderate, 37 high, 3 critical)

To address issues that do not require attention, run:
  npm audit fix

Some issues need review, and may require choosing
a different dependency.

Run `npm audit` for details.

D:\web3\mint nft\epic-nfts>npx hardhat run scripts/deploy.js --network rinkeby
Contract deployed to: 0xd347905E5282837fEfD04E087023e723cD479472

D:\web3\mint nft\epic-nfts>npx hardhat run scripts/deploy.js --network rinkeby
Compiled 1 Solidity file successfully
Contract deployed to: 0xE46E45571Fa2970BAb24209c5A3510d27cc3bb93

D:\web3\mint nft\epic-nfts>npx hardhat run scripts/deploy.js --network rinkeby
Compiled 2 Solidity files successfully
Contract deployed to: 0x9AB1046750e502eD652e5b5f0bAE92214f83D6aB

D:\web3\mint nft\epic-nfts>npx hardhat run scripts/deploy.js --network rinkeby
Contract deployed to: 0x10A9881bB266E7DdD66352a3E45bE89a0aF68aB1